// Jest Snapshot v1, https://goo.gl/fbAQLP

exports[`renders correctly 1`] = `
<div
  style={
    {
      "height": "100px",
      "width": "100px",
    }
  }
>
  <div
    className="recharts-responsive-container"
    style={
      {
        "height": "100%",
        "maxHeight": undefined,
        "minHeight": undefined,
        "minWidth": undefined,
        "width": "100%",
      }
    }
  />
</div>
`;
